Starting build process... 
checking cmake version 
cmake version 4.2.3

CMake suite maintained and supported by Kitware (kitware.com/cmake).
 
checking g++ version 
g++ (MinGW.org GCC-6.3.0-1) 6.3.0
Copyright (C) 2016 Free Software Foundation, Inc.
This is free software; see the source for copying conditions.  There is NO
warranty; not even for MERCHANTABILITY or FITNESS FOR A PARTICULAR PURPOSE.

 
Configuring project... 
-- Configuring done (0.1s)
-- Generating done (0.2s)
-- Build files have been written to: C:/Users/HP/Desktop/rp/build
Building project... 
[  7%] Building CXX object CMakeFiles/NetSentinel.dir/src/utils/logger.cpp.obj
[ 15%] Building CXX object CMakeFiles/NetSentinel.dir/src/utils/process_verification.cpp.obj
[ 23%] Building CXX object CMakeFiles/NetSentinel.dir/src/utils/string_utils.cpp.obj
[ 30%] Linking CXX executable NetSentinel.exe
[100%] Built target NetSentinel
Build completed successfully. 
