[ 92%] Built target Asthak
[100%] Built target Asthak_Hook
