python :   File 
"c:\Users\HP\Desktop\rp\tests\test_asthak.py", 
line 2
At line:1 char:1
+ python -u 
"c:\Users\HP\Desktop\rp\tests\test_asthak.py" 
*> "c:\U ...
+ ~~~~~~~~~~~~~~~~~~~~~~~~~~~~~~~~~~~~~~~~~~~~~~~~~~
~~~~~~~~~~~~~~~~~~~
    + CategoryInfo          : NotSpecified: (  File 
    "c:\User...nel.py", line 2:String) [], RemoteE  
  xception
    + FullyQualifiedErrorId : NativeCommandError
 
    """
    ^^^
SyntaxError: (unicode error) 'unicodeescape' codec 
can't decode bytes in position 675-676: truncated 
\UXXXXXXXX escape
